
struct Foo: Codable {
    var other: Unknown

    private enum CodingKeys: CodingKey {
      case other
    }
}

