func /*defaults:def*/<base>withDefaults</base>(<arglabel index=0>_</arglabel><param index=0> xx</param>: Int = 4, <arglabel index=1>y</arglabel><param index=1></param>: Int = 2, <arglabel index=2>x</arglabel><param index=2></param>: Int = 1) {}

// valid
/*defaults:call*/<base>withDefaults</base>()
/*defaults:call*/<base>withDefaults</base>(<callcombo index=0></callcombo>2)
/*defaults:call*/<base>withDefaults</base>(<callarg index=1>y</callarg><callcolon index=1>: </callcolon>2)
/*defaults:call*/<base>withDefaults</base>(<callcombo index=0></callcombo>2, <callarg index=2>x</callarg><callcolon index=2>: </callcolon>3)
/*defaults:call*/<base>withDefaults</base>(<callarg index=1>y</callarg><callcolon index=1>: </callcolon>2, <callarg index=2>x</callarg><callcolon index=2>: </callcolon>3)
/*defaults:call*/<base>withDefaults</base>(<callcombo index=0></callcombo>2, <callarg index=1>y</callarg><callcolon index=1>: </callcolon>1, <callarg index=2>x</callarg><callcolon index=2>: </callcolon>4)

// false positives
/*defaults:call*/<base>withDefaults</base>(<callarg index=1>y</callarg><callcolon index=1>: </callcolon>2, 3)
/*defaults:call*/<base>withDefaults</base>(<callarg index=1>y</callarg><callcolon index=1>: </callcolon>2, 4, <callarg index=2>x</callarg><callcolon index=2>: </callcolon>3)

// invalid
/*defaults:call*/withDefaults(x: 2, y: 3)


func /*trailing:def*/withTrailingClosure(x: Int, y: () -> Int) {}

// valid
/*trailing:call*/withTrailingClosure(x: 2, y: { return 1})
/*trailing:call*/withTrailingClosure(x: 2) { return 1}
/*trailing:call*/withTrailingClosure(x: 2)
{ return 1}
// invalid
/*trailing:call*/withTrailingClosure(x: 1, y: 2) { return 1}
/*trailing:call*/withTrailingClosure(x: 1, y: 2) { return 1}

func /*trailing-only:def*/trailingOnly(a: () -> ()) {}
/*trailing-only:call*/trailingOnly(a: {})
/*trailing-only:call*/trailingOnly {}


func /*varargs:def*/withVarargs(x: Int..., y: Int, _: Int) {}

// valid
/*varargs:call*/withVarargs(x: 1, 2, 3, y: 2, 4)
/*varargs:call*/withVarargs(y: 2, 4)

// false positives
/*varargs:call*/withVarargs(x: 1, y: 2, 4, 5)

//invalid
/*varargs:call*/withVarargs(2, y: 2)


func /*varargs2:def*/withVarargs(x: Int, y: Int, _: Int...) {}

// valid
/*varargs2:call*/withVarargs(x: 1, y: 2, 4, 5)
/*varargs2:call*/withVarargs(x: 1, y: 2)

// false positive
/*varargs2:call*/withVarargs(x: 1, 2, y: 2, 4)


func /*mixed:def*/withAllOfTheAbove(x: Int = 2, _: Int..., z: Int = 2, c: () -> Int) {}

// valid
/*mixed:call*/withAllOfTheAbove(2){ return 1 }
/*mixed:call*/withAllOfTheAbove(x: 1, 2, c: {return 1})
/*mixed:call*/withAllOfTheAbove(x: 1, c: {return 1})
/*mixed:call*/withAllOfTheAbove(1, z: 1) { return 1 }
/*mixed:call*/withAllOfTheAbove(1, 2, c: {return 1})

// false positives
/*mixed:call*/withAllOfTheAbove(z: 1, 2, c: {return 1})

