func /*defaults:def*/withDefaults(_ xx: Int = 4, y: Int = 2, x: Int = 1) {}

// valid
/*defaults:call*/withDefaults()
/*defaults:call*/withDefaults(2)
/*defaults:call*/withDefaults(y: 2)
/*defaults:call*/withDefaults(2, x: 3)
/*defaults:call*/withDefaults(y: 2, x: 3)
/*defaults:call*/withDefaults(2, y: 1, x: 4)

// false positives
/*defaults:call*/withDefaults(y: 2, 3)
/*defaults:call*/withDefaults(y: 2, 4, x: 3)

// invalid
/*defaults:call*/withDefaults(x: 2, y: 3)


func /*trailing:def*/withTrailingClosure(x: Int, y: () -> Int) {}

// valid
/*trailing:call*/withTrailingClosure(x: 2, y: { return 1})
/*trailing:call*/withTrailingClosure(x: 2) { return 1}
/*trailing:call*/withTrailingClosure(x: 2)
{ return 1}
// invalid
/*trailing:call*/withTrailingClosure(x: 1, y: 2) { return 1}
/*trailing:call*/withTrailingClosure(x: 1, y: 2) { return 1}

func /*trailing-only:def*/trailingOnly(a: () -> ()) {}
/*trailing-only:call*/trailingOnly(a: {})
/*trailing-only:call*/trailingOnly {}


func /*varargs:def*/withVarargs(x: Int..., y: Int, _: Int) {}

// valid
/*varargs:call*/withVarargs(x: 1, 2, 3, y: 2, 4)
/*varargs:call*/withVarargs(y: 2, 4)

// false positives
/*varargs:call*/withVarargs(x: 1, y: 2, 4, 5)

//invalid
/*varargs:call*/withVarargs(2, y: 2)


func /*varargs2:def*/withVarargs(x: Int, y: Int, _: Int...) {}

// valid
/*varargs2:call*/withVarargs(x: 1, y: 2, 4, 5)
/*varargs2:call*/withVarargs(x: 1, y: 2)

// false positive
/*varargs2:call*/withVarargs(x: 1, 2, y: 2, 4)


func /*mixed:def*/<base>withAllOfTheAbove</base>(<arglabel index=0>x</arglabel><param index=0></param>: Int = 2, <arglabel index=1>_</arglabel><param index=1></param>: Int..., <arglabel index=2>z</arglabel><param index=2></param>: Int = 2, <arglabel index=3>c</arglabel><param index=3></param>: () -> Int) {}

// valid
/*mixed:call*/<base>withAllOfTheAbove</base>(<callcombo index=1></callcombo>2){ return 1 }
/*mixed:call*/<base>withAllOfTheAbove</base>(<callarg index=0>x</callarg><callcolon index=0>: </callcolon>1, <callcombo index=1></callcombo>2, <callarg index=3>c</callarg><callcolon index=3>: </callcolon>{return 1})
/*mixed:call*/<base>withAllOfTheAbove</base>(<callarg index=0>x</callarg><callcolon index=0>: </callcolon>1, <callarg index=3>c</callarg><callcolon index=3>: </callcolon>{return 1})
/*mixed:call*/<base>withAllOfTheAbove</base>(<callcombo index=1></callcombo>1, <callarg index=2>z</callarg><callcolon index=2>: </callcolon>1) { return 1 }
/*mixed:call*/<base>withAllOfTheAbove</base>(<callcombo index=1></callcombo>1, 2, <callarg index=3>c</callarg><callcolon index=3>: </callcolon>{return 1})

// false positives
/*mixed:call*/<base>withAllOfTheAbove</base>(<callarg index=2>z</callarg><callcolon index=2>: </callcolon>1, 2, <callarg index=3>c</callarg><callcolon index=3>: </callcolon>{return 1})

