enum Foo {
  case first(associated: Int)
  case <base>second</base>
}

func test() {
  let _ = Foo.first(associated: 1)
  let _ = Foo.first
  let _ = Foo.<base>second</base>
}


